Flow report for FPGARoverProgram
Thu May 18 16:28:45 2023
Quartus Prime Version 17.0.0 Build 595 04/25/2017 SJ Lite Edition


---------------------
; Table of Contents ;
---------------------
  1. Legal Notice
  2. Flow Summary
  3. Flow Settings
  4. Flow Non-Default Global Settings
  5. Flow Elapsed Time
  6. Flow OS Summary
  7. Flow Log
  8. Flow Messages
  9. Flow Suppressed Messages



----------------
; Legal Notice ;
----------------
Copyright (C) 2017  Intel Corporation. All rights reserved.
Your use of Intel Corporation's design tools, logic functions 
and other software and tools, and its AMPP partner logic 
functions, and any output files from any of the foregoing 
(including device programming or simulation files), and any 
associated documentation or information are expressly subject 
to the terms and conditions of the Intel Program License 
Subscription Agreement, the Intel Quartus Prime License Agreement,
the Intel MegaCore Function License Agreement, or other 
applicable license agreement, including, without limitation, 
that your use is for the sole purpose of programming logic 
devices manufactured by Intel and sold by Intel or its 
authorized distributors.  Please refer to the applicable 
agreement for further details.



+----------------------------------------------------------------------------------+
; Flow Summary                                                                     ;
+------------------------------------+---------------------------------------------+
; Flow Status                        ; Successful - Thu May 18 16:28:45 2023       ;
; Quartus Prime Version              ; 17.0.0 Build 595 04/25/2017 SJ Lite Edition ;
; Revision Name                      ; FPGARoverProgram                            ;
; Top-level Entity Name              ; GeneralControlScheme_v2                     ;
; Family                             ; MAX 10                                      ;
; Device                             ; 10M08SAU169C8GES                            ;
; Timing Models                      ; Preliminary                                 ;
; Total logic elements               ; 170 / 8,064 ( 2 % )                         ;
;     Total combinational functions  ; 170 / 8,064 ( 2 % )                         ;
;     Dedicated logic registers      ; 78 / 8,064 ( < 1 % )                        ;
; Total registers                    ; 78                                          ;
; Total pins                         ; 14 / 130 ( 11 % )                           ;
; Total virtual pins                 ; 0                                           ;
; Total memory bits                  ; 0 / 387,072 ( 0 % )                         ;
; Embedded Multiplier 9-bit elements ; 0 / 48 ( 0 % )                              ;
; Total PLLs                         ; 1 / 1 ( 100 % )                             ;
; UFM blocks                         ; 0 / 1 ( 0 % )                               ;
; ADC blocks                         ; 0 / 1 ( 0 % )                               ;
+------------------------------------+---------------------------------------------+


+-----------------------------------------+
; Flow Settings                           ;
+-------------------+---------------------+
; Option            ; Setting             ;
+-------------------+---------------------+
; Start date & time ; 05/18/2023 16:28:20 ;
; Main task         ; Compilation         ;
; Revision Name     ; FPGARoverProgram    ;
+-------------------+---------------------+


+--------------------------------------------------------------------------------------------------------------------------------------------+
; Flow Non-Default Global Settings                                                                                                           ;
+-------------------------------------+----------------------------------------+------------------+-------------------------+----------------+
; Assignment Name                     ; Value                                  ; Default Value    ; Entity Name             ; Section Id     ;
+-------------------------------------+----------------------------------------+------------------+-------------------------+----------------+
; COMPILER_SIGNATURE_ID               ; 255543642443186.168442009908060        ; --               ; --                      ; --             ;
; EDA_OUTPUT_DATA_FORMAT              ; Vhdl                                   ; --               ; --                      ; eda_simulation ;
; EDA_SIMULATION_TOOL                 ; ModelSim-Altera (VHDL)                 ; <None>           ; --                      ; --             ;
; FLOW_ENABLE_POWER_ANALYZER          ; On                                     ; Off              ; --                      ; --             ;
; MAX_CORE_JUNCTION_TEMP              ; 85                                     ; --               ; --                      ; --             ;
; MIN_CORE_JUNCTION_TEMP              ; 0                                      ; --               ; --                      ; --             ;
; MISC_FILE                           ; PLL_Serial.bsf                         ; --               ; --                      ; --             ;
; MISC_FILE                           ; PLL_Serial_inst.vhd                    ; --               ; --                      ; --             ;
; MISC_FILE                           ; PLL_Serial.cmp                         ; --               ; --                      ; --             ;
; MISC_FILE                           ; PLL_Serial.ppf                         ; --               ; --                      ; --             ;
; PARTITION_COLOR                     ; -- (Not supported for targeted family) ; --               ; GeneralControlScheme_v2 ; Top            ;
; PARTITION_FITTER_PRESERVATION_LEVEL ; -- (Not supported for targeted family) ; --               ; GeneralControlScheme_v2 ; Top            ;
; PARTITION_NETLIST_TYPE              ; -- (Not supported for targeted family) ; --               ; GeneralControlScheme_v2 ; Top            ;
; POWER_BOARD_THERMAL_MODEL           ; None (CONSERVATIVE)                    ; --               ; --                      ; --             ;
; POWER_DEFAULT_INPUT_IO_TOGGLE_RATE  ; 12.5 %                                 ; 12.5%            ; --                      ; --             ;
; POWER_PRESET_COOLING_SOLUTION       ; 23 MM HEAT SINK WITH 200 LFPM AIRFLOW  ; --               ; --                      ; --             ;
; PROJECT_OUTPUT_DIRECTORY            ; output_files                           ; --               ; --                      ; --             ;
; TOP_LEVEL_ENTITY                    ; GeneralControlScheme_v2                ; FPGARoverProgram ; --                      ; --             ;
+-------------------------------------+----------------------------------------+------------------+-------------------------+----------------+


+-------------------------------------------------------------------------------------------------------------------------------+
; Flow Elapsed Time                                                                                                             ;
+---------------------------+--------------+-------------------------+---------------------+------------------------------------+
; Module Name               ; Elapsed Time ; Average Processors Used ; Peak Virtual Memory ; Total CPU Time (on all processors) ;
+---------------------------+--------------+-------------------------+---------------------+------------------------------------+
; Analysis & Synthesis      ; 00:00:11     ; 1.0                     ; 4815 MB             ; 00:00:22                           ;
; Fitter                    ; 00:00:05     ; 1.1                     ; 5680 MB             ; 00:00:06                           ;
; Assembler                 ; 00:00:01     ; 1.0                     ; 4672 MB             ; 00:00:01                           ;
; PowerPlay Power Analyzer  ; 00:00:01     ; 1.1                     ; 4838 MB             ; 00:00:02                           ;
; TimeQuest Timing Analyzer ; 00:00:02     ; 1.1                     ; 4798 MB             ; 00:00:02                           ;
; EDA Netlist Writer        ; 00:00:01     ; 1.0                     ; 4640 MB             ; 00:00:01                           ;
; Total                     ; 00:00:21     ; --                      ; --                  ; 00:00:34                           ;
+---------------------------+--------------+-------------------------+---------------------+------------------------------------+


+-----------------------------------------------------------------------------------------+
; Flow OS Summary                                                                         ;
+---------------------------+------------------+------------+------------+----------------+
; Module Name               ; Machine Hostname ; OS Name    ; OS Version ; Processor type ;
+---------------------------+------------------+------------+------------+----------------+
; Analysis & Synthesis      ; DESKTOP-O4MBQES  ; Windows 10 ; 10.0       ; x86_64         ;
; Fitter                    ; DESKTOP-O4MBQES  ; Windows 10 ; 10.0       ; x86_64         ;
; Assembler                 ; DESKTOP-O4MBQES  ; Windows 10 ; 10.0       ; x86_64         ;
; PowerPlay Power Analyzer  ; DESKTOP-O4MBQES  ; Windows 10 ; 10.0       ; x86_64         ;
; TimeQuest Timing Analyzer ; DESKTOP-O4MBQES  ; Windows 10 ; 10.0       ; x86_64         ;
; EDA Netlist Writer        ; DESKTOP-O4MBQES  ; Windows 10 ; 10.0       ; x86_64         ;
+---------------------------+------------------+------------+------------+----------------+


------------
; Flow Log ;
------------
quartus_map --read_settings_files=on --write_settings_files=off FPGARoverProgram -c FPGARoverProgram
quartus_fit --read_settings_files=off --write_settings_files=off FPGARoverProgram -c FPGARoverProgram
quartus_asm --read_settings_files=off --write_settings_files=off FPGARoverProgram -c FPGARoverProgram
quartus_pow --read_settings_files=off --write_settings_files=off FPGARoverProgram -c FPGARoverProgram
quartus_sta FPGARoverProgram -c FPGARoverProgram
quartus_eda --read_settings_files=off --write_settings_files=off FPGARoverProgram -c FPGARoverProgram



